Archive member included to satisfy reference by file (symbol)

C:/ST/STM32CubeIDE_1.18.1/STM32CubeIDE/plugins/com.st.stm32cube.ide.mcu.externaltools.gnu-tools-for-stm32.13.3.rel1.win32_1.0.0.202411081344/tools/bin/../lib/gcc/arm-none-eabi/13.3.1/../../../../arm-none-eabi/lib/thumb/v8-m.main+fp/hard\libc_nano.a(libc_a-exit.o)
                              C:/ST/STM32CubeIDE_1.18.1/STM32CubeIDE/plugins/com.st.stm32cube.ide.mcu.externaltools.gnu-tools-for-stm32.13.3.rel1.win32_1.0.0.202411081344/tools/bin/../lib/gcc/arm-none-eabi/13.3.1/../../../../arm-none-eabi/lib/thumb/v8-m.main+fp/hard/crt0.o (exit)
C:/ST/STM32CubeIDE_1.18.1/STM32CubeIDE/plugins/com.st.stm32cube.ide.mcu.externaltools.gnu-tools-for-stm32.13.3.rel1.win32_1.0.0.202411081344/tools/bin/../lib/gcc/arm-none-eabi/13.3.1/../../../../arm-none-eabi/lib/thumb/v8-m.main+fp/hard\libc_nano.a(libc_a-findfp.o)
                              C:/ST/STM32CubeIDE_1.18.1/STM32CubeIDE/plugins/com.st.stm32cube.ide.mcu.externaltools.gnu-tools-for-stm32.13.3.rel1.win32_1.0.0.202411081344/tools/bin/../lib/gcc/arm-none-eabi/13.3.1/../../../../arm-none-eabi/lib/thumb/v8-m.main+fp/hard\libc_nano.a(libc_a-exit.o) (__stdio_exit_handler)
C:/ST/STM32CubeIDE_1.18.1/STM32CubeIDE/plugins/com.st.stm32cube.ide.mcu.externaltools.gnu-tools-for-stm32.13.3.rel1.win32_1.0.0.202411081344/tools/bin/../lib/gcc/arm-none-eabi/13.3.1/../../../../arm-none-eabi/lib/thumb/v8-m.main+fp/hard\libc_nano.a(libc_a-fwalk.o)
                              C:/ST/STM32CubeIDE_1.18.1/STM32CubeIDE/plugins/com.st.stm32cube.ide.mcu.externaltools.gnu-tools-for-stm32.13.3.rel1.win32_1.0.0.202411081344/tools/bin/../lib/gcc/arm-none-eabi/13.3.1/../../../../arm-none-eabi/lib/thumb/v8-m.main+fp/hard\libc_nano.a(libc_a-findfp.o) (_fwalk_sglue)
C:/ST/STM32CubeIDE_1.18.1/STM32CubeIDE/plugins/com.st.stm32cube.ide.mcu.externaltools.gnu-tools-for-stm32.13.3.rel1.win32_1.0.0.202411081344/tools/bin/../lib/gcc/arm-none-eabi/13.3.1/../../../../arm-none-eabi/lib/thumb/v8-m.main+fp/hard\libc_nano.a(libc_a-stdio.o)
                              C:/ST/STM32CubeIDE_1.18.1/STM32CubeIDE/plugins/com.st.stm32cube.ide.mcu.externaltools.gnu-tools-for-stm32.13.3.rel1.win32_1.0.0.202411081344/tools/bin/../lib/gcc/arm-none-eabi/13.3.1/../../../../arm-none-eabi/lib/thumb/v8-m.main+fp/hard\libc_nano.a(libc_a-findfp.o) (__sread)
C:/ST/STM32CubeIDE_1.18.1/STM32CubeIDE/plugins/com.st.stm32cube.ide.mcu.externaltools.gnu-tools-for-stm32.13.3.rel1.win32_1.0.0.202411081344/tools/bin/../lib/gcc/arm-none-eabi/13.3.1/../../../../arm-none-eabi/lib/thumb/v8-m.main+fp/hard\libc_nano.a(libc_a-memset.o)
                              C:/ST/STM32CubeIDE_1.18.1/STM32CubeIDE/plugins/com.st.stm32cube.ide.mcu.externaltools.gnu-tools-for-stm32.13.3.rel1.win32_1.0.0.202411081344/tools/bin/../lib/gcc/arm-none-eabi/13.3.1/../../../../arm-none-eabi/lib/thumb/v8-m.main+fp/hard/crt0.o (memset)
C:/ST/STM32CubeIDE_1.18.1/STM32CubeIDE/plugins/com.st.stm32cube.ide.mcu.externaltools.gnu-tools-for-stm32.13.3.rel1.win32_1.0.0.202411081344/tools/bin/../lib/gcc/arm-none-eabi/13.3.1/../../../../arm-none-eabi/lib/thumb/v8-m.main+fp/hard\libc_nano.a(libc_a-closer.o)
                              C:/ST/STM32CubeIDE_1.18.1/STM32CubeIDE/plugins/com.st.stm32cube.ide.mcu.externaltools.gnu-tools-for-stm32.13.3.rel1.win32_1.0.0.202411081344/tools/bin/../lib/gcc/arm-none-eabi/13.3.1/../../../../arm-none-eabi/lib/thumb/v8-m.main+fp/hard\libc_nano.a(libc_a-stdio.o) (_close_r)
C:/ST/STM32CubeIDE_1.18.1/STM32CubeIDE/plugins/com.st.stm32cube.ide.mcu.externaltools.gnu-tools-for-stm32.13.3.rel1.win32_1.0.0.202411081344/tools/bin/../lib/gcc/arm-none-eabi/13.3.1/../../../../arm-none-eabi/lib/thumb/v8-m.main+fp/hard\libc_nano.a(libc_a-reent.o)
                              C:/ST/STM32CubeIDE_1.18.1/STM32CubeIDE/plugins/com.st.stm32cube.ide.mcu.externaltools.gnu-tools-for-stm32.13.3.rel1.win32_1.0.0.202411081344/tools/bin/../lib/gcc/arm-none-eabi/13.3.1/../../../../arm-none-eabi/lib/thumb/v8-m.main+fp/hard\libc_nano.a(libc_a-closer.o) (errno)
C:/ST/STM32CubeIDE_1.18.1/STM32CubeIDE/plugins/com.st.stm32cube.ide.mcu.externaltools.gnu-tools-for-stm32.13.3.rel1.win32_1.0.0.202411081344/tools/bin/../lib/gcc/arm-none-eabi/13.3.1/../../../../arm-none-eabi/lib/thumb/v8-m.main+fp/hard\libc_nano.a(libc_a-impure.o)
                              C:/ST/STM32CubeIDE_1.18.1/STM32CubeIDE/plugins/com.st.stm32cube.ide.mcu.externaltools.gnu-tools-for-stm32.13.3.rel1.win32_1.0.0.202411081344/tools/bin/../lib/gcc/arm-none-eabi/13.3.1/../../../../arm-none-eabi/lib/thumb/v8-m.main+fp/hard\libc_nano.a(libc_a-reent.o) (_impure_ptr)
C:/ST/STM32CubeIDE_1.18.1/STM32CubeIDE/plugins/com.st.stm32cube.ide.mcu.externaltools.gnu-tools-for-stm32.13.3.rel1.win32_1.0.0.202411081344/tools/bin/../lib/gcc/arm-none-eabi/13.3.1/../../../../arm-none-eabi/lib/thumb/v8-m.main+fp/hard\libc_nano.a(libc_a-lseekr.o)
[...]
Memory Configuration

Name             Origin             Length             Attributes
RAM              0x20000000         0x00008000         xrw
FLASH            0x08000000         0x00020000         xr
*default*        0x00000000         0xffffffff

Linker script and memory map

LOAD C:/ST/STM32CubeIDE_1.18.1/STM32CubeIDE/plugins/com.st.stm32cube.ide.mcu.externaltools.gnu-tools-for-stm32.13.3.rel1.win32_1.0.0.202411081344/tools/bin/../lib/gcc/arm-none-eabi/13.3.1/thumb/v8-m.main+fp/hard/crti.o
LOAD C:/ST/STM32CubeIDE_1.18.1/STM32CubeIDE/plugins/com.st.stm32cube.ide.mcu.externaltools.gnu-tools-for-stm32.13.3.rel1.win32_1.0.0.202411081344/tools/bin/../lib/gcc/arm-none-eabi/13.3.1/thumb/v8-m.main+fp/hard/crtbegin.o
LOAD C:/ST/STM32CubeIDE_1.18.1/STM32CubeIDE/plugins/com.st.stm32cube.ide.mcu.externaltools.gnu-tools-for-stm32.13.3.rel1.win32_1.0.0.202411081344/tools/bin/../lib/gcc/arm-none-eabi/13.3.1/../../../../arm-none-eabi/lib/thumb/v8-m.main+fp/hard/crt0.o
LOAD ./App/ap/ap.o
LOAD ./App/bsp/bsp.o
LOAD ./App/common/core/qbuffer.o
LOAD ./App/common/core/util.o
LOAD ./App/common/hw/src/cli.o
LOAD ./App/common/hw/src/cli_gui.o
LOAD ./App/hw/driver/led.o
LOAD ./App/hw/hw.o
LOAD ./Core/Src/gpio.o
LOAD ./Core/Src/main.o
LOAD ./Core/Src/memorymap.o
LOAD ./Core/Src/stm32h5xx_hal_msp.o
LOAD ./Core/Src/stm32h5xx_it.o
LOAD ./Core/Src/syscalls.o
LOAD ./Core/Src/sysmem.o
LOAD ./Core/Src/system_stm32h5xx.o
LOAD ./Core/Startup/startup_stm32h503cbtx.o
LOAD ./Drivers/STM32H5xx_HAL_Driver/Src/stm32h5xx_hal.o
LOAD ./Drivers/STM32H5xx_HAL_Driver/Src/stm32h5xx_hal_cortex.o
LOAD ./Drivers/STM32H5xx_HAL_Driver/Src/stm32h5xx_hal_dma.o
LOAD ./Drivers/STM32H5xx_HAL_Driver/Src/stm32h5xx_hal_dma_ex.o
LOAD ./Drivers/STM32H5xx_HAL_Driver/Src/stm32h5xx_hal_exti.o
LOAD ./Drivers/STM32H5xx_HAL_Driver/Src/stm32h5xx_hal_flash.o
LOAD ./Drivers/STM32H5xx_HAL_Driver/Src/stm32h5xx_hal_flash_ex.o
LOAD ./Drivers/STM32H5xx_HAL_Driver/Src/stm32h5xx_hal_gpio.o
LOAD ./Drivers/STM32H5xx_HAL_Driver/Src/stm32h5xx_hal_pwr.o
LOAD ./Drivers/STM32H5xx_HAL_Driver/Src/stm32h5xx_hal_pwr_ex.o
LOAD ./Drivers/STM32H5xx_HAL_Driver/Src/stm32h5xx_hal_rcc.o
LOAD ./Drivers/STM32H5xx_HAL_Driver/Src/stm32h5xx_hal_rcc_ex.o
START GROUP
LOAD C:/ST/STM32CubeIDE_1.18.1/STM32CubeIDE/plugins/com.st.stm32cube.ide.mcu.externaltools.gnu-tools-for-stm32.13.3.rel1.win32_1.0.0.202411081344/tools/bin/../lib/gcc/arm-none-eabi/13.3.1/../../../../arm-none-eabi/lib/thumb/v8-m.main+fp/hard\libc_nano.a
LOAD C:/ST/STM32CubeIDE_1.18.1/STM32CubeIDE/plugins/com.st.stm32cube.ide.mcu.externaltools.gnu-tools-for-stm32.13.3.rel1.win32_1.0.0.202411081344/tools/bin/../lib/gcc/arm-none-eabi/13.3.1/../../../../arm-none-eabi/lib/thumb/v8-m.main+fp/hard\libm.a
END GROUP
START GROUP
LOAD C:/ST/STM32CubeIDE_1.18.1/STM32CubeIDE/plugins/com.st.stm32cube.ide.mcu.externaltools.gnu-tools-for-stm32.13.3.rel1.win32_1.0.0.202411081344/tools/bin/../lib/gcc/arm-none-eabi/13.3.1/thumb/v8-m.main+fp/hard\libgcc.a
LOAD C:/ST/STM32CubeIDE_1.18.1/STM32CubeIDE/plugins/com.st.stm32cube.ide.mcu.externaltools.gnu-tools-for-stm32.13.3.rel1.win32_1.0.0.202411081344/tools/bin/../lib/gcc/arm-none-eabi/13.3.1/../../../../arm-none-eabi/lib/thumb/v8-m.main+fp/hard\libc_nano.a
END GROUP
START GROUP
LOAD C:/ST/STM32CubeIDE_1.18.1/STM32CubeIDE/plugins/com.st.stm32cube.ide.mcu.externaltools.gnu-tools-for-stm32.13.3.rel1.win32_1.0.0.202411081344/tools/bin/../lib/gcc/arm-none-eabi/13.3.1/thumb/v8-m.main+fp/hard\libgcc.a
LOAD C:/ST/STM32CubeIDE_1.18.1/STM32CubeIDE/plugins/com.st.stm32cube.ide.mcu.externaltools.gnu-tools-for-stm32.13.3.rel1.win32_1.0.0.202411081344/tools/bin/../lib/gcc/arm-none-eabi/13.3.1/../../../../arm-none-eabi/lib/thumb/v8-m.main+fp/hard\libc_nano.a
LOAD C:/ST/STM32CubeIDE_1.18.1/STM32CubeIDE/plugins/com.st.stm32cube.ide.mcu.externaltools.gnu-tools-for-stm32.13.3.rel1.win32_1.0.0.202411081344/tools/bin/../lib/gcc/arm-none-eabi/13.3.1/../../../../arm-none-eabi/lib/thumb/v8-m.main+fp/hard\libnosys.a
END GROUP
START GROUP
LOAD C:/ST/STM32CubeIDE_1.18.1/STM32CubeIDE/plugins/com.st.stm32cube.ide.mcu.externaltools.gnu-tools-for-stm32.13.3.rel1.win32_1.0.0.202411081344/tools/bin/../lib/gcc/arm-none-eabi/13.3.1/thumb/v8-m.main+fp/hard\libgcc.a
LOAD C:/ST/STM32CubeIDE_1.18.1/STM32CubeIDE/plugins/com.st.stm32cube.ide.mcu.externaltools.gnu-tools-for-stm32.13.3.rel1.win32_1.0.0.202411081344/tools/bin/../lib/gcc/arm-none-eabi/13.3.1/../../../../arm-none-eabi/lib/thumb/v8-m.main+fp/hard\libc_nano.a
LOAD C:/ST/STM32CubeIDE_1.18.1/STM32CubeIDE/plugins/com.st.stm32cube.ide.mcu.externaltools.gnu-tools-for-stm32.13.3.rel1.win32_1.0.0.202411081344/tools/bin/../lib/gcc/arm-none-eabi/13.3.1/../../../../arm-none-eabi/lib/thumb/v8-m.main+fp/hard\libnosys.a
END GROUP
LOAD C:/ST/STM32CubeIDE_1.18.1/STM32CubeIDE/plugins/com.st.stm32cube.ide.mcu.externaltools.gnu-tools-for-stm32.13.3.rel1.win32_1.0.0.202411081344/tools/bin/../lib/gcc/arm-none-eabi/13.3.1/thumb/v8-m.main+fp/hard/crtend.o
LOAD C:/ST/STM32CubeIDE_1.18.1/STM32CubeIDE/plugins/com.st.stm32cube.ide.mcu.externaltools.gnu-tools-for-stm32.13.3.rel1.win32_1.0.0.202411081344/tools/bin/../lib/gcc/arm-none-eabi/13.3.1/thumb/v8-m.main+fp/hard/crtn.o
                0x20008000                        _estack = (ORIGIN (RAM) + LENGTH (RAM))
                0x00000200                        _Min_Heap_Size = 0x200
                0x00000400                        _Min_Stack_Size = 0x400

.isr_vector     0x08000000      0x258
                0x08000000                        . = ALIGN (0x4)
 *(.isr_vector)
 .isr_vector    0x08000000      0x258 ./Core/Startup/startup_stm32h503cbtx.o
                0x08000000                g_pfnVectors
                0x08000258                        . = ALIGN (0x4)

.text           0x08000258     0x1ac4
                0x08000258                        . = ALIGN (0x4)
 *(.text)
 .text          0x08000258       0x40 C:/ST/STM32CubeIDE_1.18.1/STM32CubeIDE/plugins/com.st.stm32cube.ide.mcu.externaltools.gnu-tools-for-stm32.13.3.rel1.win32_1.0.0.202411081344/tools/bin/../lib/gcc/arm-none-eabi/13.3.1/thumb/v8-m.main+fp/hard/crtbegin.o
 *(.text*)
 .text.apInit   0x08000298        0xe ./App/ap/ap.o
                0x08000298                apInit
 .text.apMain   0x080002a6       0x3e ./App/ap/ap.o
                0x080002a6                apMain
 .text.isKeepLoop
                0x080002e4       0x18 ./App/ap/ap.o
                0x080002e4                isKeepLoop
 .text.bspInit  0x080002fc       0x10 ./App/bsp/bsp.o
                0x080002fc                bspInit
 .text.millis   0x0800030c        0xe ./App/bsp/bsp.o
                0x0800030c                millis
 .text.ledInit  0x0800031a       0x10 ./App/hw/driver/led.o
                0x0800031a                ledInit
 *fill*         0x0800032a        0x2 
 .text.ledToggle
                0x0800032c       0x38 ./App/hw/driver/led.o
                0x0800032c                ledToggle
 .text.hwInit   0x08000364       0x12 ./App/hw/hw.o
                0x08000364                hwInit
 *fill*         0x08000376        0x2 
 .text.MX_GPIO_Init
                0x08000378       0xac ./Core/Src/gpio.o
                0x08000378                MX_GPIO_Init
 .text.main     0x08000424       0x1e ./Core/Src/main.o
                0x08000424                main
 *fill*         0x08000442        0x2 
 .text.SystemClock_Config
                0x08000444       0xe4 ./Core/Src/main.o
                0x08000444                SystemClock_Config
 .text.Error_Handler
                0x08000528        0xc ./Core/Src/main.o
                0x08000528                Error_Handler
 .text.HAL_MspInit
                0x08000534        0xe ./Core/Src/stm32h5xx_hal_msp.o
                0x08000534                HAL_MspInit
 .text.NMI_Handler
                0x08000542        0x8 ./Core/Src/stm32h5xx_it.o
                0x08000542                NMI_Handler
 .text.HardFault_Handler
                0x0800054a        0x8 ./Core/Src/stm32h5xx_it.o
                0x0800054a                HardFault_Handler
 .text.MemManage_Handler
                0x08000552        0x8 ./Core/Src/stm32h5xx_it.o
                0x08000552                MemManage_Handler
 .text.BusFault_Handler
                0x0800055a        0x8 ./Core/Src/stm32h5xx_it.o
                0x0800055a                BusFault_Handler
 .text.UsageFault_Handler
                0x08000562        0x8 ./Core/Src/stm32h5xx_it.o
                0x08000562                UsageFault_Handler
 .text.SVC_Handler
                0x0800056a        0xe ./Core/Src/stm32h5xx_it.o
                0x0800056a                SVC_Handler
 .text.DebugMon_Handler
                0x08000578        0xe ./Core/Src/stm32h5xx_it.o
                0x08000578                DebugMon_Handler
 .text.PendSV_Handler
                0x08000586        0xe ./Core/Src/stm32h5xx_it.o
                0x08000586                PendSV_Handler
 .text.SysTick_Handler
                0x08000594        0xc ./Core/Src/stm32h5xx_it.o
                0x08000594                SysTick_Handler
 .text.SystemInit
                0x080005a0       0xe4 ./Core/Src/system_stm32h5xx.o
                0x080005a0                SystemInit
 .text.Reset_Handler
                0x08000684       0x50 ./Core/Startup/startup_stm32h503cbtx.o
                0x08000684                Reset_Handler
 .text.Default_Handler
                0x080006d4        0x2 ./Core/Startup/startup_stm32h503cbtx.o
                0x080006d4                EXTI2_IRQHandler
                0x080006d4                EXTI5_IRQHandler
                0x080006d4                I3C1_ER_IRQHandler
                0x080006d4                GPDMA2_Channel1_IRQHandler
                0x080006d4                EXTI13_IRQHandler
                0x080006d4                TIM1_CC_IRQHandler
                0x080006d4                GPDMA2_Channel3_IRQHandler
                0x080006d4                TAMP_IRQHandler
                0x080006d4                TIM6_IRQHandler
                0x080006d4                EXTI12_IRQHandler
                0x080006d4                USB_DRD_FS_IRQHandler
                0x080006d4                EXTI3_IRQHandler
                0x080006d4                GPDMA1_Channel5_IRQHandler
                0x080006d4                EXTI8_IRQHandler
                0x080006d4                GPDMA2_Channel5_IRQHandler
                0x080006d4                LPTIM2_IRQHandler
                0x080006d4                GPDMA2_Channel2_IRQHandler
                0x080006d4                EXTI0_IRQHandler
                0x080006d4                I2C2_EV_IRQHandler
                0x080006d4                FPU_IRQHandler
                0x080006d4                GPDMA1_Channel3_IRQHandler
                0x080006d4                GPDMA1_Channel7_IRQHandler
                0x080006d4                FDCAN1_IT1_IRQHandler
                0x080006d4                RAMCFG_IRQHandler
                0x080006d4                SPI1_IRQHandler
                0x080006d4                GPDMA1_Channel2_IRQHandler
                0x080006d4                ADC1_IRQHandler
                0x080006d4                I3C2_ER_IRQHandler
                0x080006d4                EXTI15_IRQHandler
                0x080006d4                USART3_IRQHandler
                0x080006d4                RTC_IRQHandler
                0x080006d4                EXTI9_IRQHandler
                0x080006d4                I3C2_EV_IRQHandler
                0x080006d4                I2C1_EV_IRQHandler
                0x080006d4                GPDMA1_Channel1_IRQHandler
                0x080006d4                TIM3_IRQHandler
                0x080006d4                RCC_IRQHandler
                0x080006d4                TIM1_TRG_COM_IRQHandler
                0x080006d4                Default_Handler
                0x080006d4                GPDMA2_Channel4_IRQHandler
                0x080006d4                TIM7_IRQHandler
                0x080006d4                GPDMA1_Channel0_IRQHandler
                0x080006d4                I3C1_EV_IRQHandler
                0x080006d4                PVD_AVD_IRQHandler
                0x080006d4                SPI2_IRQHandler
                0x080006d4                EXTI14_IRQHandler
                0x080006d4                EXTI11_IRQHandler
                0x080006d4                CRS_IRQHandler
                0x080006d4                EXTI4_IRQHandler
                0x080006d4                GPDMA2_Channel0_IRQHandler
                0x080006d4                RNG_IRQHandler
                0x080006d4                GPDMA2_Channel6_IRQHandler
                0x080006d4                TIM1_UP_IRQHandler
                0x080006d4                WWDG_IRQHandler
                0x080006d4                IWDG_IRQHandler
                0x080006d4                LPUART1_IRQHandler
                0x080006d4                FDCAN1_IT0_IRQHandler
                0x080006d4                TIM2_IRQHandler
                0x080006d4                GPDMA1_Channel4_IRQHandler
                0x080006d4                EXTI7_IRQHandler
                0x080006d4                TIM1_BRK_IRQHandler
                0x080006d4                EXTI1_IRQHandler
                0x080006d4                DAC1_IRQHandler
                0x080006d4                DTS_IRQHandler
                0x080006d4                GTZC_IRQHandler
                0x080006d4                USART2_IRQHandler
                0x080006d4                GPDMA1_Channel6_IRQHandler
                0x080006d4                GPDMA2_Channel7_IRQHandler
                0x080006d4                I2C2_ER_IRQHandler
                0x080006d4                FLASH_IRQHandler
                0x080006d4                USART1_IRQHandler
                0x080006d4                EXTI10_IRQHandler
                0x080006d4                SPI3_IRQHandler
                0x080006d4                I2C1_ER_IRQHandler
                0x080006d4                EXTI6_IRQHandler
                0x080006d4                COMP1_IRQHandler
                0x080006d4                LPTIM1_IRQHandler
                0x080006d4                ICACHE_IRQHandler
                0x080006d4                HASH_IRQHandler
 *fill*         0x080006d6        0x2 
 .text.HAL_Init
                0x080006d8       0x50 ./Drivers/STM32H5xx_HAL_Driver/Src/stm32h5xx_hal.o
                0x080006d8                HAL_Init
 .text.HAL_InitTick
                0x08000728       0xec ./Drivers/STM32H5xx_HAL_Driver/Src/stm32h5xx_hal.o
                0x08000728                HAL_InitTick
 .text.HAL_IncTick
                0x08000814       0x28 ./Drivers/STM32H5xx_HAL_Driver/Src/stm32h5xx_hal.o
                0x08000814                HAL_IncTick
 .text.HAL_GetTick
                0x0800083c       0x18 ./Drivers/STM32H5xx_HAL_Driver/Src/stm32h5xx_hal.o
                0x0800083c                HAL_GetTick
 .text.__NVIC_SetPriorityGrouping
                0x08000854       0x48 ./Drivers/STM32H5xx_HAL_Driver/Src/stm32h5xx_hal_cortex.o
 .text.__NVIC_GetPriorityGrouping
                0x0800089c       0x1c ./Drivers/STM32H5xx_HAL_Driver/Src/stm32h5xx_hal_cortex.o
 .text.__NVIC_SetPriority
                0x080008b8       0x54 ./Drivers/STM32H5xx_HAL_Driver/Src/stm32h5xx_hal_cortex.o
 .text.NVIC_EncodePriority
                0x0800090c       0x66 ./Drivers/STM32H5xx_HAL_Driver/Src/stm32h5xx_hal_cortex.o
 .text.HAL_NVIC_SetPriorityGrouping
                0x08000972       0x16 ./Drivers/STM32H5xx_HAL_Driver/Src/stm32h5xx_hal_cortex.o
                0x08000972                HAL_NVIC_SetPriorityGrouping
 .text.HAL_NVIC_SetPriority
                0x08000988       0x34 ./Drivers/STM32H5xx_HAL_Driver/Src/stm32h5xx_hal_cortex.o
                0x08000988                HAL_NVIC_SetPriority
 .text.HAL_SYSTICK_Config
                0x080009bc       0x44 ./Drivers/STM32H5xx_HAL_Driver/Src/stm32h5xx_hal_cortex.o
                0x080009bc                HAL_SYSTICK_Config
 .text.HAL_SYSTICK_CLKSourceConfig
                0x08000a00       0xb0 ./Drivers/STM32H5xx_HAL_Driver/Src/stm32h5xx_hal_cortex.o
                0x08000a00                HAL_SYSTICK_CLKSourceConfig
 .text.HAL_SYSTICK_GetCLKSourceConfig
                0x08000ab0       0x6c ./Drivers/STM32H5xx_HAL_Driver/Src/stm32h5xx_hal_cortex.o
                0x08000ab0                HAL_SYSTICK_GetCLKSourceConfig
 .text.HAL_GPIO_Init
                0x08000b1c      0x2bc ./Drivers/STM32H5xx_HAL_Driver/Src/stm32h5xx_hal_gpio.o
                0x08000b1c                HAL_GPIO_Init
 .text.HAL_GPIO_WritePin
                0x08000dd8       0x30 ./Drivers/STM32H5xx_HAL_Driver/Src/stm32h5xx_hal_gpio.o
                0x08000dd8                HAL_GPIO_WritePin
 .text.HAL_GPIO_TogglePin
                0x08000e08       0x34 ./Drivers/STM32H5xx_HAL_Driver/Src/stm32h5xx_hal_gpio.o
                0x08000e08                HAL_GPIO_TogglePin
 .text.HAL_RCC_OscConfig
                0x08000e3c      0x870 ./Drivers/STM32H5xx_HAL_Driver/Src/stm32h5xx_hal_rcc.o
                0x08000e3c                HAL_RCC_OscConfig
 .text.HAL_RCC_ClockConfig
                0x080016ac      0x370 ./Drivers/STM32H5xx_HAL_Driver/Src/stm32h5xx_hal_rcc.o
                0x080016ac                HAL_RCC_ClockConfig
 .text.HAL_RCC_GetSysClockFreq
                0x08001a1c      0x258 ./Drivers/STM32H5xx_HAL_Driver/Src/stm32h5xx_hal_rcc.o
                0x08001a1c                HAL_RCC_GetSysClockFreq
 .text.HAL_RCC_GetHCLKFreq
                0x08001c74       0x38 ./Drivers/STM32H5xx_HAL_Driver/Src/stm32h5xx_hal_rcc.o
                0x08001c74                HAL_RCC_GetHCLKFreq
 .text.memset   0x08001cac       0x10 C:/ST/STM32CubeIDE_1.18.1/STM32CubeIDE/plugins/com.st.stm32cube.ide.mcu.externaltools.gnu-tools-for-stm32.13.3.rel1.win32_1.0.0.202411081344/tools/bin/../lib/gcc/arm-none-eabi/13.3.1/../../../../arm-none-eabi/lib/thumb/v8-m.main+fp/hard\libc_nano.a(libc_a-memset.o)
                0x08001cac                memset
 .text.__libc_init_array
                0x08001cbc       0x48 C:/ST/STM32CubeIDE_1.18.1/STM32CubeIDE/plugins/com.st.stm32cube.ide.mcu.externaltools.gnu-tools-for-stm32.13.3.rel1.win32_1.0.0.202411081344/tools/bin/../lib/gcc/arm-none-eabi/13.3.1/../../../../arm-none-eabi/lib/thumb/v8-m.main+fp/hard\libc_nano.a(libc_a-init.o)
                0x08001cbc                __libc_init_array
 *(.glue_7)
 .glue_7        0x08001d04        0x0 linker stubs
 *(.glue_7t)
 .glue_7t       0x08001d04        0x0 linker stubs
 *(.eh_frame)
 .eh_frame      0x08001d04        0x0 C:/ST/STM32CubeIDE_1.18.1/STM32CubeIDE/plugins/com.st.stm32cube.ide.mcu.externaltools.gnu-tools-for-stm32.13.3.rel1.win32_1.0.0.202411081344/tools/bin/../lib/gcc/arm-none-eabi/13.3.1/thumb/v8-m.main+fp/hard/crtbegin.o
 *(.init)
 .init          0x08001d04        0x4 C:/ST/STM32CubeIDE_1.18.1/STM32CubeIDE/plugins/com.st.stm32cube.ide.mcu.externaltools.gnu-tools-for-stm32.13.3.rel1.win32_1.0.0.202411081344/tools/bin/../lib/gcc/arm-none-eabi/13.3.1/thumb/v8-m.main+fp/hard/crti.o
                0x08001d04                _init
 .init          0x08001d08        0x8 C:/ST/STM32CubeIDE_1.18.1/STM32CubeIDE/plugins/com.st.stm32cube.ide.mcu.externaltools.gnu-tools-for-stm32.13.3.rel1.win32_1.0.0.202411081344/tools/bin/../lib/gcc/arm-none-eabi/13.3.1/thumb/v8-m.main+fp/hard/crtn.o
 *(.fini)
 .fini          0x08001d10        0x4 C:/ST/STM32CubeIDE_1.18.1/STM32CubeIDE/plugins/com.st.stm32cube.ide.mcu.externaltools.gnu-tools-for-stm32.13.3.rel1.win32_1.0.0.202411081344/tools/bin/../lib/gcc/arm-none-eabi/13.3.1/thumb/v8-m.main+fp/hard/crti.o
                0x08001d10                _fini
 .fini          0x08001d14        0x8 C:/ST/STM32CubeIDE_1.18.1/STM32CubeIDE/plugins/com.st.stm32cube.ide.mcu.externaltools.gnu-tools-for-stm32.13.3.rel1.win32_1.0.0.202411081344/tools/bin/../lib/gcc/arm-none-eabi/13.3.1/thumb/v8-m.main+fp/hard/crtn.o
                0x08001d1c                        . = ALIGN (0x4)
                0x08001d1c                        _etext = .

.vfp11_veneer   0x08001d1c        0x0
 .vfp11_veneer  0x08001d1c        0x0 linker stubs

.v4_bx          0x08001d1c        0x0
 .v4_bx         0x08001d1c        0x0 linker stubs

.iplt           0x08001d1c        0x0
 .iplt          0x08001d1c        0x0 C:/ST/STM32CubeIDE_1.18.1/STM32CubeIDE/plugins/com.st.stm32cube.ide.mcu.externaltools.gnu-tools-for-stm32.13.3.rel1.win32_1.0.0.202411081344/tools/bin/../lib/gcc/arm-none-eabi/13.3.1/thumb/v8-m.main+fp/hard/crtbegin.o

.rodata         0x08001d1c       0x18
                0x08001d1c                        . = ALIGN (0x4)
 *(.rodata)
 *(.rodata*)
 .rodata.led_tbl
                0x08001d1c        0x8 ./App/hw/driver/led.o
 .rodata.AHBPrescTable
                0x08001d24       0x10 ./Core/Src/system_stm32h5xx.o
                0x08001d24                AHBPrescTable
                0x08001d34                        . = ALIGN (0x4)

.ARM.extab      0x08001d34        0x0
                0x08001d34                        . = ALIGN (0x4)
 *(.ARM.extab* .gnu.linkonce.armextab.*)
                0x08001d34                        . = ALIGN (0x4)

.ARM            0x08001d34        0x0
                0x08001d34                        . = ALIGN (0x4)
                0x08001d34                        __exidx_start = .
 *(.ARM.exidx*)
                0x08001d34                        __exidx_end = .
                0x08001d34                        . = ALIGN (0x4)

.preinit_array  0x08001d34        0x0
                0x08001d34                        . = ALIGN (0x4)
                0x08001d34                        PROVIDE (__preinit_array_start = .)
 *(.preinit_array*)
                0x08001d34                        PROVIDE (__preinit_array_end = .)
                0x08001d34                        . = ALIGN (0x4)

.init_array     0x08001d34        0x4
                0x08001d34                        . = ALIGN (0x4)
                0x08001d34                        PROVIDE (__init_array_start = .)
 *(SORT_BY_NAME(.init_array.*))
 *(.init_array*)
 .init_array    0x08001d34        0x4 C:/ST/STM32CubeIDE_1.18.1/STM32CubeIDE/plugins/com.st.stm32cube.ide.mcu.externaltools.gnu-tools-for-stm32.13.3.rel1.win32_1.0.0.202411081344/tools/bin/../lib/gcc/arm-none-eabi/13.3.1/thumb/v8-m.main+fp/hard/crtbegin.o
                0x08001d38                        PROVIDE (__init_array_end = .)
                0x08001d38                        . = ALIGN (0x4)

.fini_array     0x08001d38        0x4
                0x08001d38                        . = ALIGN (0x4)
                [!provide]                        PROVIDE (__fini_array_start = .)
 *(SORT_BY_NAME(.fini_array.*))
 *(.fini_array*)
 .fini_array    0x08001d38        0x4 C:/ST/STM32CubeIDE_1.18.1/STM32CubeIDE/plugins/com.st.stm32cube.ide.mcu.externaltools.gnu-tools-for-stm32.13.3.rel1.win32_1.0.0.202411081344/tools/bin/../lib/gcc/arm-none-eabi/13.3.1/thumb/v8-m.main+fp/hard/crtbegin.o
                [!provide]                        PROVIDE (__fini_array_end = .)
                0x08001d3c                        . = ALIGN (0x4)
                0x08001d3c                        _sidata = LOADADDR (.data)

.rel.dyn        0x08001d3c        0x0
 .rel.iplt      0x08001d3c        0x0 C:/ST/STM32CubeIDE_1.18.1/STM32CubeIDE/plugins/com.st.stm32cube.ide.mcu.externaltools.gnu-tools-for-stm32.13.3.rel1.win32_1.0.0.202411081344/tools/bin/../lib/gcc/arm-none-eabi/13.3.1/thumb/v8-m.main+fp/hard/crtbegin.o

.data           0x20000000        0xc load address 0x08001d3c
                0x20000000                        . = ALIGN (0x4)
                0x20000000                        _sdata = .
 *(.data)
 *(.data*)
 .data.SystemCoreClock
                0x20000000        0x4 ./Core/Src/system_stm32h5xx.o
                0x20000000                SystemCoreClock
 .data.uwTickPrio
                0x20000004        0x4 ./Drivers/STM32H5xx_HAL_Driver/Src/stm32h5xx_hal.o
                0x20000004                uwTickPrio
 .data.uwTickFreq
                0x20000008        0x1 ./Drivers/STM32H5xx_HAL_Driver/Src/stm32h5xx_hal.o
                0x20000008                uwTickFreq
 *(.RamFunc)
 *(.RamFunc*)
                0x2000000c                        . = ALIGN (0x4)
 *fill*         0x20000009        0x3 
                0x2000000c                        _edata = .

.igot.plt       0x2000000c        0x0 load address 0x08001d48
 .igot.plt      0x2000000c        0x0 C:/ST/STM32CubeIDE_1.18.1/STM32CubeIDE/plugins/com.st.stm32cube.ide.mcu.externaltools.gnu-tools-for-stm32.13.3.rel1.win32_1.0.0.202411081344/tools/bin/../lib/gcc/arm-none-eabi/13.3.1/thumb/v8-m.main+fp/hard/crtbegin.o
                0x2000000c                        . = ALIGN (0x4)

.bss            0x2000000c       0x20 load address 0x08001d48
                0x2000000c                        _sbss = .
                0x2000000c                        __bss_start__ = _sbss
 *(.bss)
 .bss           0x2000000c       0x1c C:/ST/STM32CubeIDE_1.18.1/STM32CubeIDE/plugins/com.st.stm32cube.ide.mcu.externaltools.gnu-tools-for-stm32.13.3.rel1.win32_1.0.0.202411081344/tools/bin/../lib/gcc/arm-none-eabi/13.3.1/thumb/v8-m.main+fp/hard/crtbegin.o
 *(.bss*)
 .bss.uwTick    0x20000028        0x4 ./Drivers/STM32H5xx_HAL_Driver/Src/stm32h5xx_hal.o
                0x20000028                uwTick
 *(COMMON)
                0x2000002c                        . = ALIGN (0x4)
                0x2000002c                        _ebss = .
                0x2000002c                        __bss_end__ = _ebss

._user_heap_stack
                0x2000002c      0x604 load address 0x08001d48
                0x20000030                        . = ALIGN (0x8)
 *fill*         0x2000002c        0x4 
                [!provide]                        PROVIDE (end = .)
                0x20000030                        PROVIDE (_end = .)
                0x20000230                        . = (. + _Min_Heap_Size)
 *fill*         0x20000030      0x200 
                0x20000630                        . = (. + _Min_Stack_Size)
 *fill*         0x20000230      0x400 
                0x20000630                        . = ALIGN (0x8)

/DISCARD/
 libc.a(*)
 libm.a(*)
 libgcc.a(*)

.ARM.attributes
                0x00000000       0x36
 *(.ARM.attributes)
 .ARM.attributes
                0x00000000       0x26 C:/ST/STM32CubeIDE_1.18.1/STM32CubeIDE/plugins/com.st.stm32cube.ide.mcu.externaltools.gnu-tools-for-stm32.13.3.rel1.win32_1.0.0.202411081344/tools/bin/../lib/gcc/arm-none-eabi/13.3.1/thumb/v8-m.main+fp/hard/crti.o
 .ARM.attributes
                0x00000026       0x38 C:/ST/STM32CubeIDE_1.18.1/STM32CubeIDE/plugins/com.st.stm32cube.ide.mcu.externaltools.gnu-tools-for-stm32.13.3.rel1.win32_1.0.0.202411081344/tools/bin/../lib/gcc/arm-none-eabi/13.3.1/thumb/v8-m.main+fp/hard/crtbegin.o
 .ARM.attributes
                0x0000005e       0x3a ./App/ap/ap.o
 .ARM.attributes
                0x00000098       0x3a ./App/bsp/bsp.o
 .ARM.attributes
                0x000000d2       0x3a ./App/hw/driver/led.o
 .ARM.attributes
                0x0000010c       0x3a ./App/hw/hw.o
 .ARM.attributes
                0x00000146       0x3a ./Core/Src/gpio.o
 .ARM.attributes
                0x00000180       0x3a ./Core/Src/main.o
 .ARM.attributes
                0x000001ba       0x3a ./Core/Src/stm32h5xx_hal_msp.o
 .ARM.attributes
                0x000001f4       0x3a ./Core/Src/stm32h5xx_it.o
 .ARM.attributes
                0x0000022e       0x3a ./Core/Src/system_stm32h5xx.o
 .ARM.attributes
                0x00000268       0x24 ./Core/Startup/startup_stm32h503cbtx.o
 .ARM.attributes
                0x0000028c       0x3a ./Drivers/STM32H5xx_HAL_Driver/Src/stm32h5xx_hal.o
 .ARM.attributes
                0x000002c6       0x3a ./Drivers/STM32H5xx_HAL_Driver/Src/stm32h5xx_hal_cortex.o
 .ARM.attributes
                0x00000300       0x3a ./Drivers/STM32H5xx_HAL_Driver/Src/stm32h5xx_hal_gpio.o
 .ARM.attributes
                0x0000033a       0x3a ./Drivers/STM32H5xx_HAL_Driver/Src/stm32h5xx_hal_rcc.o
 .ARM.attributes
                0x00000374       0x38 C:/ST/STM32CubeIDE_1.18.1/STM32CubeIDE/plugins/com.st.stm32cube.ide.mcu.externaltools.gnu-tools-for-stm32.13.3.rel1.win32_1.0.0.202411081344/tools/bin/../lib/gcc/arm-none-eabi/13.3.1/../../../../arm-none-eabi/lib/thumb/v8-m.main+fp/hard\libc_nano.a(libc_a-memset.o)
 .ARM.attributes
                0x000003ac       0x38 C:/ST/STM32CubeIDE_1.18.1/STM32CubeIDE/plugins/com.st.stm32cube.ide.mcu.externaltools.gnu-tools-for-stm32.13.3.rel1.win32_1.0.0.202411081344/tools/bin/../lib/gcc/arm-none-eabi/13.3.1/../../../../arm-none-eabi/lib/thumb/v8-m.main+fp/hard\libc_nano.a(libc_a-init.o)
 .ARM.attributes
                0x000003e4       0x26 C:/ST/STM32CubeIDE_1.18.1/STM32CubeIDE/plugins/com.st.stm32cube.ide.mcu.externaltools.gnu-tools-for-stm32.13.3.rel1.win32_1.0.0.202411081344/tools/bin/../lib/gcc/arm-none-eabi/13.3.1/thumb/v8-m.main+fp/hard/crtn.o
OUTPUT(stm32h503-fw.elf elf32-littlearm)
LOAD linker stubs
LOAD C:/ST/STM32CubeIDE_1.18.1/STM32CubeIDE/plugins/com.st.stm32cube.ide.mcu.externaltools.gnu-tools-for-stm32.13.3.rel1.win32_1.0.0.202411081344/tools/bin/../lib/gcc/arm-none-eabi/13.3.1/../../../../arm-none-eabi/lib/thumb/v8-m.main+fp/hard\libc.a
LOAD C:/ST/STM32CubeIDE_1.18.1/STM32CubeIDE/plugins/com.st.stm32cube.ide.mcu.externaltools.gnu-tools-for-stm32.13.3.rel1.win32_1.0.0.202411081344/tools/bin/../lib/gcc/arm-none-eabi/13.3.1/../../../../arm-none-eabi/lib/thumb/v8-m.main+fp/hard\libm.a
LOAD C:/ST/STM32CubeIDE_1.18.1/STM32CubeIDE/plugins/com.st.stm32cube.ide.mcu.externaltools.gnu-tools-for-stm32.13.3.rel1.win32_1.0.0.202411081344/tools/bin/../lib/gcc/arm-none-eabi/13.3.1/thumb/v8-m.main+fp/hard\libgcc.a

.debug_info     0x00000000     0x5e08
 .debug_info    0x00000000      0x144 ./App/ap/ap.o
 .debug_info    0x00000144      0x11d ./App/bsp/bsp.o
 .debug_info    0x00000261      0x2e8 ./App/hw/driver/led.o
 .debug_info    0x00000549      0x152 ./App/hw/hw.o
 .debug_info    0x0000069b      0x5d4 ./Core/Src/gpio.o
 .debug_info    0x00000c6f      0x783 ./Core/Src/main.o
 .debug_info    0x000013f2       0x9f ./Core/Src/stm32h5xx_hal_msp.o
 .debug_info    0x00001491      0x128 ./Core/Src/stm32h5xx_it.o
 .debug_info    0x000015b9      0xc0b ./Core/Src/system_stm32h5xx.o
 .debug_info    0x000021c4       0x30 ./Core/Startup/startup_stm32h503cbtx.o
 .debug_info    0x000021f4     0x1069 ./Drivers/STM32H5xx_HAL_Driver/Src/stm32h5xx_hal.o
 .debug_info    0x0000325d     0x1522 ./Drivers/STM32H5xx_HAL_Driver/Src/stm32h5xx_hal_cortex.o
 .debug_info    0x0000477f      0x6aa ./Drivers/STM32H5xx_HAL_Driver/Src/stm32h5xx_hal_gpio.o
 .debug_info    0x00004e29      0xfdf ./Drivers/STM32H5xx_HAL_Driver/Src/stm32h5xx_hal_rcc.o

.debug_abbrev   0x00000000     0x139e
 .debug_abbrev  0x00000000       0xdf ./App/ap/ap.o
 .debug_abbrev  0x000000df       0xce ./App/bsp/bsp.o
 .debug_abbrev  0x000001ad      0x170 ./App/hw/driver/led.o
 .debug_abbrev  0x0000031d       0xd4 ./App/hw/hw.o
 .debug_abbrev  0x000003f1      0x179 ./Core/Src/gpio.o
 .debug_abbrev  0x0000056a      0x1f8 ./Core/Src/main.o
 .debug_abbrev  0x00000762       0x45 ./Core/Src/stm32h5xx_hal_msp.o
 .debug_abbrev  0x000007a7       0x73 ./Core/Src/stm32h5xx_it.o
 .debug_abbrev  0x0000081a      0x13a ./Core/Src/system_stm32h5xx.o
 .debug_abbrev  0x00000954       0x24 ./Core/Startup/startup_stm32h503cbtx.o
 .debug_abbrev  0x00000978      0x2ac ./Drivers/STM32H5xx_HAL_Driver/Src/stm32h5xx_hal.o
 .debug_abbrev  0x00000c24      0x311 ./Drivers/STM32H5xx_HAL_Driver/Src/stm32h5xx_hal_cortex.o
 .debug_abbrev  0x00000f35      0x1db ./Drivers/STM32H5xx_HAL_Driver/Src/stm32h5xx_hal_gpio.o
 .debug_abbrev  0x00001110      0x28e ./Drivers/STM32H5xx_HAL_Driver/Src/stm32h5xx_hal_rcc.o

.debug_aranges  0x00000000      0x5d0
 .debug_aranges
                0x00000000       0x30 ./App/ap/ap.o
 .debug_aranges
                0x00000030       0x30 ./App/bsp/bsp.o
 .debug_aranges
                0x00000060       0x38 ./App/hw/driver/led.o
 .debug_aranges
                0x00000098       0x20 ./App/hw/hw.o
 .debug_aranges
                0x000000b8       0x20 ./Core/Src/gpio.o
 .debug_aranges
                0x000000d8       0x30 ./Core/Src/main.o
 .debug_aranges
                0x00000108       0x20 ./Core/Src/stm32h5xx_hal_msp.o
 .debug_aranges
                0x00000128       0x60 ./Core/Src/stm32h5xx_it.o
 .debug_aranges
                0x00000188       0x28 ./Core/Src/system_stm32h5xx.o
 .debug_aranges
                0x000001b0       0x28 ./Core/Startup/startup_stm32h503cbtx.o
 .debug_aranges
                0x000001d8      0x1a0 ./Drivers/STM32H5xx_HAL_Driver/Src/stm32h5xx_hal.o
 .debug_aranges
                0x00000378      0x140 ./Drivers/STM32H5xx_HAL_Driver/Src/stm32h5xx_hal_cortex.o
 .debug_aranges
                0x000004b8       0x78 ./Drivers/STM32H5xx_HAL_Driver/Src/stm32h5xx_hal_gpio.o
 .debug_aranges
                0x00000530       0xa0 ./Drivers/STM32H5xx_HAL_Driver/Src/stm32h5xx_hal_rcc.o

.debug_rnglists
                0x00000000      0x424
 .debug_rnglists
                0x00000000       0x1f ./App/ap/ap.o
 .debug_rnglists
                0x0000001f       0x1f ./App/bsp/bsp.o
 .debug_rnglists
                0x0000003e       0x25 ./App/hw/driver/led.o
 .debug_rnglists
                0x00000063       0x13 ./App/hw/hw.o
 .debug_rnglists
                0x00000076       0x14 ./Core/Src/gpio.o
 .debug_rnglists
                0x0000008a       0x20 ./Core/Src/main.o
 .debug_rnglists
                0x000000aa       0x13 ./Core/Src/stm32h5xx_hal_msp.o
 .debug_rnglists
                0x000000bd       0x43 ./Core/Src/stm32h5xx_it.o
 .debug_rnglists
                0x00000100       0x1b ./Core/Src/system_stm32h5xx.o
 .debug_rnglists
                0x0000011b       0x19 ./Core/Startup/startup_stm32h503cbtx.o
 .debug_rnglists
                0x00000134      0x134 ./Drivers/STM32H5xx_HAL_Driver/Src/stm32h5xx_hal.o
 .debug_rnglists
                0x00000268       0xec ./Drivers/STM32H5xx_HAL_Driver/Src/stm32h5xx_hal_cortex.o
 .debug_rnglists
                0x00000354       0x57 ./Drivers/STM32H5xx_HAL_Driver/Src/stm32h5xx_hal_gpio.o
 .debug_rnglists
                0x000003ab       0x79 ./Drivers/STM32H5xx_HAL_Driver/Src/stm32h5xx_hal_rcc.o

.debug_macro    0x00000000    0x1f6fb
 .debug_macro   0x00000000      0x4a9 ./App/ap/ap.o
 .debug_macro   0x000004a9      0xade ./App/ap/ap.o
 .debug_macro   0x00000f87       0x22 ./App/ap/ap.o
 .debug_macro   0x00000fa9       0x8e ./App/ap/ap.o
 .debug_macro   0x00001037       0x51 ./App/ap/ap.o
 .debug_macro   0x00001088      0x103 ./App/ap/ap.o
 .debug_macro   0x0000118b       0x6a ./App/ap/ap.o
 .debug_macro   0x000011f5      0x1df ./App/ap/ap.o
 .debug_macro   0x000013d4       0x22 ./App/ap/ap.o
 .debug_macro   0x000013f6       0x58 ./App/ap/ap.o
 .debug_macro   0x0000144e       0x61 ./App/ap/ap.o
 .debug_macro   0x000014af       0x2a ./App/ap/ap.o
 .debug_macro   0x000014d9       0x43 ./App/ap/ap.o
 .debug_macro   0x0000151c       0x34 ./App/ap/ap.o
 .debug_macro   0x00001550      0x190 ./App/ap/ap.o
 .debug_macro   0x000016e0      0x370 ./App/ap/ap.o
 .debug_macro   0x00001a50       0x16 ./App/ap/ap.o
 .debug_macro   0x00001a66       0x4a ./App/ap/ap.o
 .debug_macro   0x00001ab0       0x34 ./App/ap/ap.o
 .debug_macro   0x00001ae4       0x10 ./App/ap/ap.o
 .debug_macro   0x00001af4       0x58 ./App/ap/ap.o
 .debug_macro   0x00001b4c       0x8e ./App/ap/ap.o
 .debug_macro   0x00001bda       0x1c ./App/ap/ap.o
 .debug_macro   0x00001bf6      0x185 ./App/ap/ap.o
 .debug_macro   0x00001d7b       0x10 ./App/ap/ap.o
 .debug_macro   0x00001d8b       0x3c ./App/ap/ap.o
 .debug_macro   0x00001dc7       0x20 ./App/ap/ap.o
 .debug_macro   0x00001de7       0x16 ./App/ap/ap.o
 .debug_macro   0x00001dfd       0x16 ./App/ap/ap.o
 .debug_macro   0x00001e13       0x29 ./App/ap/ap.o
 .debug_macro   0x00001e3c       0x1c ./App/ap/ap.o
 .debug_macro   0x00001e58       0x1c ./App/ap/ap.o
 .debug_macro   0x00001e74       0x16 ./App/ap/ap.o
 .debug_macro   0x00001e8a      0x146 ./App/ap/ap.o
 .debug_macro   0x00001fd0       0x94 ./App/ap/ap.o
 .debug_macro   0x00002064      0x17e ./App/ap/ap.o
 .debug_macro   0x000021e2      0x19b ./App/ap/ap.o
 .debug_macro   0x0000237d       0x28 ./App/ap/ap.o
 .debug_macro   0x000023a5       0x42 ./App/ap/ap.o
 .debug_macro   0x000023e7       0x1c ./App/ap/ap.o
 .debug_macro   0x00002403       0x29 ./App/ap/ap.o
 .debug_macro   0x0000242c       0xfb ./App/ap/ap.o
 .debug_macro   0x00002527     0x1685 ./App/ap/ap.o
 .debug_macro   0x00003bac       0x5e ./App/ap/ap.o
 .debug_macro   0x00003c0a    0x11feb ./App/ap/ap.o
 .debug_macro   0x00015bf5       0x6d ./App/ap/ap.o
 .debug_macro   0x00015c62      0x1be ./App/ap/ap.o
 .debug_macro   0x00015e20     0x388a ./App/ap/ap.o
 .debug_macro   0x000196aa       0x63 ./App/ap/ap.o
 .debug_macro   0x0001970d     0x146a ./App/ap/ap.o
 .debug_macro   0x0001ab77      0x75e ./App/ap/ap.o
 .debug_macro   0x0001b2d5      0x166 ./App/ap/ap.o
 .debug_macro   0x0001b43b      0x1a6 ./App/ap/ap.o
 .debug_macro   0x0001b5e1      0x527 ./App/ap/ap.o
 .debug_macro   0x0001bb08      0x40f ./App/ap/ap.o
 .debug_macro   0x0001bf17       0xd6 ./App/ap/ap.o
 .debug_macro   0x0001bfed      0x1cd ./App/ap/ap.o
 .debug_macro   0x0001c1ba      0x1c3 ./App/ap/ap.o
 .debug_macro   0x0001c37d      0x4e8 ./App/ap/ap.o
 .debug_macro   0x0001c865       0x58 ./App/ap/ap.o
 .debug_macro   0x0001c8bd      0x272 ./App/ap/ap.o
 .debug_macro   0x0001cb2f      0x1a6 ./App/ap/ap.o
 .debug_macro   0x0001ccd5      0x20a ./App/ap/ap.o
 .debug_macro   0x0001cedf      0x38f ./App/ap/ap.o
 .debug_macro   0x0001d26e       0x16 ./App/ap/ap.o
 .debug_macro   0x0001d284       0x1c ./App/ap/ap.o
 .debug_macro   0x0001d2a0       0x10 ./App/ap/ap.o
 .debug_macro   0x0001d2b0       0x10 ./App/ap/ap.o
 .debug_macro   0x0001d2c0       0x10 ./App/ap/ap.o
 .debug_macro   0x0001d2d0      0x32a ./App/bsp/bsp.o
 .debug_macro   0x0001d5fa      0x336 ./App/hw/driver/led.o
 .debug_macro   0x0001d930      0x49a ./App/hw/hw.o
 .debug_macro   0x0001ddca      0x25e ./Core/Src/gpio.o
 .debug_macro   0x0001e028       0x5b ./Core/Src/gpio.o
 .debug_macro   0x0001e083       0x94 ./Core/Src/gpio.o
 .debug_macro   0x0001e117       0x57 ./Core/Src/gpio.o
 .debug_macro   0x0001e16e       0x10 ./Core/Src/gpio.o
 .debug_macro   0x0001e17e      0x4ad ./Core/Src/main.o
 .debug_macro   0x0001e62b       0x16 ./Core/Src/main.o
 .debug_macro   0x0001e641      0x254 ./Core/Src/stm32h5xx_hal_msp.o
 .debug_macro   0x0001e895      0x25e ./Core/Src/stm32h5xx_it.o
 .debug_macro   0x0001eaf3      0x24c ./Core/Src/system_stm32h5xx.o
 .debug_macro   0x0001ed3f      0x275 ./Drivers/STM32H5xx_HAL_Driver/Src/stm32h5xx_hal.o
 .debug_macro   0x0001efb4      0x245 ./Drivers/STM32H5xx_HAL_Driver/Src/stm32h5xx_hal_cortex.o
 .debug_macro   0x0001f1f9      0x27b ./Drivers/STM32H5xx_HAL_Driver/Src/stm32h5xx_hal_gpio.o
 .debug_macro   0x0001f474      0x287 ./Drivers/STM32H5xx_HAL_Driver/Src/stm32h5xx_hal_rcc.o

.debug_line     0x00000000     0x95a2
 .debug_line    0x00000000      0xb7c ./App/ap/ap.o
 .debug_line    0x00000b7c      0x980 ./App/bsp/bsp.o
 .debug_line    0x000014fc      0xa1a ./App/hw/driver/led.o
 .debug_line    0x00001f16      0xb7a ./App/hw/hw.o
 .debug_line    0x00002a90      0x825 ./Core/Src/gpio.o
 .debug_line    0x000032b5      0xc14 ./Core/Src/main.o
 .debug_line    0x00003ec9      0x812 ./Core/Src/stm32h5xx_hal_msp.o
 .debug_line    0x000046db      0x8c5 ./Core/Src/stm32h5xx_it.o
 .debug_line    0x00004fa0      0x98a ./Core/Src/system_stm32h5xx.o
 .debug_line    0x0000592a       0x77 ./Core/Startup/startup_stm32h503cbtx.o
 .debug_line    0x000059a1      0xdeb ./Drivers/STM32H5xx_HAL_Driver/Src/stm32h5xx_hal.o
 .debug_line    0x0000678c      0xe69 ./Drivers/STM32H5xx_HAL_Driver/Src/stm32h5xx_hal_cortex.o
 .debug_line    0x000075f5      0xc23 ./Drivers/STM32H5xx_HAL_Driver/Src/stm32h5xx_hal_gpio.o
 .debug_line    0x00008218     0x138a ./Drivers/STM32H5xx_HAL_Driver/Src/stm32h5xx_hal_rcc.o

.debug_str      0x00000000    0xbbcff
 .debug_str     0x00000000    0xbbcff ./App/ap/ap.o
                              0xb9e70 (size before relaxing)
 .debug_str     0x000bbcff    0xb9bed ./App/bsp/bsp.o
 .debug_str     0x000bbcff    0xb9ce7 ./App/hw/driver/led.o
 .debug_str     0x000bbcff    0xb9e64 ./App/hw/hw.o
 .debug_str     0x000bbcff    0xb8f20 ./Core/Src/gpio.o
 .debug_str     0x000bbcff    0xba2ae ./Core/Src/main.o
 .debug_str     0x000bbcff    0xb8c00 ./Core/Src/stm32h5xx_hal_msp.o
 .debug_str     0x000bbcff    0xb8c9d ./Core/Src/stm32h5xx_it.o
 .debug_str     0x000bbcff    0xb90e2 ./Core/Src/system_stm32h5xx.o
 .debug_str     0x000bbcff       0x72 ./Core/Startup/startup_stm32h503cbtx.o
 .debug_str     0x000bbcff    0xb9c55 ./Drivers/STM32H5xx_HAL_Driver/Src/stm32h5xx_hal.o
 .debug_str     0x000bbcff    0xb99bf ./Drivers/STM32H5xx_HAL_Driver/Src/stm32h5xx_hal_cortex.o
 .debug_str     0x000bbcff    0xb8fc0 ./Drivers/STM32H5xx_HAL_Driver/Src/stm32h5xx_hal_gpio.o
 .debug_str     0x000bbcff    0xb9622 ./Drivers/STM32H5xx_HAL_Driver/Src/stm32h5xx_hal_rcc.o

.comment        0x00000000       0x43
 .comment       0x00000000       0x43 ./App/ap/ap.o
                                 0x44 (size before relaxing)
 .comment       0x00000043       0x44 ./App/bsp/bsp.o
 .comment       0x00000043       0x44 ./App/hw/driver/led.o
 .comment       0x00000043       0x44 ./App/hw/hw.o
 .comment       0x00000043       0x44 ./Core/Src/gpio.o
 .comment       0x00000043       0x44 ./Core/Src/main.o
 .comment       0x00000043       0x44 ./Core/Src/stm32h5xx_hal_msp.o
 .comment       0x00000043       0x44 ./Core/Src/stm32h5xx_it.o
 .comment       0x00000043       0x44 ./Core/Src/system_stm32h5xx.o
 .comment       0x00000043       0x44 ./Drivers/STM32H5xx_HAL_Driver/Src/stm32h5xx_hal.o
 .comment       0x00000043       0x44 ./Drivers/STM32H5xx_HAL_Driver/Src/stm32h5xx_hal_cortex.o
 .comment       0x00000043       0x44 ./Drivers/STM32H5xx_HAL_Driver/Src/stm32h5xx_hal_gpio.o
 .comment       0x00000043       0x44 ./Drivers/STM32H5xx_HAL_Driver/Src/stm32h5xx_hal_rcc.o

.debug_frame    0x00000000     0x144c
 .debug_frame   0x00000000       0x7c ./App/ap/ap.o
 .debug_frame   0x0000007c       0x70 ./App/bsp/bsp.o
 .debug_frame   0x000000ec       0x9c ./App/hw/driver/led.o
 .debug_frame   0x00000188       0x2c ./App/hw/hw.o
 .debug_frame   0x000001b4       0x34 ./Core/Src/gpio.o
 .debug_frame   0x000001e8       0x68 ./Core/Src/main.o
 .debug_frame   0x00000250       0x30 ./Core/Src/stm32h5xx_hal_msp.o
 .debug_frame   0x00000280      0x104 ./Core/Src/stm32h5xx_it.o
 .debug_frame   0x00000384       0x60 ./Core/Src/system_stm32h5xx.o
 .debug_frame   0x000003e4      0x66c ./Drivers/STM32H5xx_HAL_Driver/Src/stm32h5xx_hal.o
 .debug_frame   0x00000a50      0x560 ./Drivers/STM32H5xx_HAL_Driver/Src/stm32h5xx_hal_cortex.o
 .debug_frame   0x00000fb0      0x1ec ./Drivers/STM32H5xx_HAL_Driver/Src/stm32h5xx_hal_gpio.o
 .debug_frame   0x0000119c      0x264 ./Drivers/STM32H5xx_HAL_Driver/Src/stm32h5xx_hal_rcc.o
 .debug_frame   0x00001400       0x20 C:/ST/STM32CubeIDE_1.18.1/STM32CubeIDE/plugins/com.st.stm32cube.ide.mcu.externaltools.gnu-tools-for-stm32.13.3.rel1.win32_1.0.0.202411081344/tools/bin/../lib/gcc/arm-none-eabi/13.3.1/../../../../arm-none-eabi/lib/thumb/v8-m.main+fp/hard\libc_nano.a(libc_a-memset.o)
 .debug_frame   0x00001420       0x2c C:/ST/STM32CubeIDE_1.18.1/STM32CubeIDE/plugins/com.st.stm32cube.ide.mcu.externaltools.gnu-tools-for-stm32.13.3.rel1.win32_1.0.0.202411081344/tools/bin/../lib/gcc/arm-none-eabi/13.3.1/../../../../arm-none-eabi/lib/thumb/v8-m.main+fp/hard\libc_nano.a(libc_a-init.o)

.debug_line_str
                0x00000000       0x56
 .debug_line_str
                0x00000000       0x56 ./Core/Startup/startup_stm32h503cbtx.o
